// Jest Snapshot v1, https://goo.gl/fbAQLP

exports[`Navbar should render correctly 1`] = `
<DocumentFragment>
  <nav>
    <div
      class="logo"
    >
      My 
      <span>
        Record
      </span>
       Shelf
    </div>
  </nav>
</DocumentFragment>
`;
